// Jest Snapshot v1, https://goo.gl/fbAQLP

exports[`<Slider /> Should render and match the snapshot 1`] = `
<div
  style="display: inline;"
>
  <div
    class="rc-slider"
    style="width: 200px; margin: 10px;"
  >
    <div
      class="rc-slider-rail"
    />
    <div
      class="rc-slider-track"
      style="left: 0%; width: 0%;"
    />
    <div
      class="rc-slider-step"
    />
    <div
      aria-disabled="false"
      aria-valuemax="100"
      aria-valuemin="0"
      aria-valuenow="0"
      class="rc-slider-handle"
      role="slider"
      style="left: 0%; transform: translateX(-50%);"
      tabindex="0"
    />
    <div
      class="rc-slider-mark"
    />
  </div>
</div>
`;
