// Jest Snapshot v1, https://goo.gl/fbAQLP

exports[`<Dropdown /> Should render and match the snapshot 1`] = `
<select
  class="Dropdown-sc-1lo2juv-0 gWmuJI"
  width="10em"
/>
`;
