// Jest Snapshot v1, https://goo.gl/fbAQLP

exports[`<Note /> Should render and match the snapshot 1`] = `
<div>
  <button
    class="NoteBlack-jr31tw-0 fQVXRh"
  />
</div>
`;
