// Jest Snapshot v1, https://goo.gl/fbAQLP

exports[`<H2 /> Should render and match the snapshot 1`] = `
<h2
  class="H2-egphza-0 iyZTuY"
/>
`;
