// Jest Snapshot v1, https://goo.gl/fbAQLP

exports[`<BPMInput /> Should render and match the snapshot 1`] = `
<input
  class="BPMInput__BPM-krgou6-0 cBwQwD"
  max="180"
  min="50"
  type="number"
  value=""
/>
`;
