// Jest Snapshot v1, https://goo.gl/fbAQLP

exports[`<Step /> Should render and match the snapshot 1`] = `
<button
  class="Step__StepButton-sc-1gy89br-0 buOaSX"
/>
`;
