// Jest Snapshot v1, https://goo.gl/fbAQLP

exports[`<Track /> Should render and match the snapshot 1`] = `
<div
  class="Track__Container-dcw2r7-0 etskRi"
>
  <div
    class="TrackConfig__Container-ouodsg-0 ddcwJq"
  >
    <input
      class="InputText-wtwjzw-0 ihxodh"
      font-size="0.75em"
      type="text"
      value="Track1"
      width="97%"
    />
    <button
      class="TrackConfig__Select-ouodsg-1 cstDwF"
      type="button"
    >
      Select
    </button>
    <div>
      <div
        style="display: inline-block;"
      >
        <div
          class="rc-slider"
          style="width: 75px; height: 5px; margin: 0.5em 0.5em; z-index: 0;"
        >
          <div
            class="rc-slider-rail"
          />
          <div
            class="rc-slider-track"
            style="left: 0%; width: 100%;"
          />
          <div
            class="rc-slider-step"
          />
          <div
            aria-disabled="false"
            aria-valuemax="0"
            aria-valuemin="-60"
            aria-valuenow="0"
            class="rc-slider-handle"
            role="slider"
            style="left: 100%; transform: translateX(-50%);"
            tabindex="0"
          />
          <div
            class="rc-slider-mark"
          />
        </div>
      </div>
    </div>
  </div>
  <div
    class="Track__IndicatorWrapper-dcw2r7-1 cztnBH"
  />
  <div
    class="Steps__Wrapper-sc-8e49i7-0 iDvuHY"
  >
    <button
      class="Step__StepButton-sc-1gy89br-0 buOaSX"
    />
    <button
      class="Step__StepButton-sc-1gy89br-0 buOaSX"
    />
    <button
      class="Step__StepButton-sc-1gy89br-0 buOaSX"
    />
    <button
      class="Step__StepButton-sc-1gy89br-0 buOaSX"
    />
    <button
      class="Step__StepButton-sc-1gy89br-0 iNYnBq"
    />
    <button
      class="Step__StepButton-sc-1gy89br-0 iNYnBq"
    />
    <button
      class="Step__StepButton-sc-1gy89br-0 iNYnBq"
    />
    <button
      class="Step__StepButton-sc-1gy89br-0 iNYnBq"
    />
    <button
      class="Step__StepButton-sc-1gy89br-0 buOaSX"
    />
    <button
      class="Step__StepButton-sc-1gy89br-0 buOaSX"
    />
    <button
      class="Step__StepButton-sc-1gy89br-0 buOaSX"
    />
    <button
      class="Step__StepButton-sc-1gy89br-0 buOaSX"
    />
    <button
      class="Step__StepButton-sc-1gy89br-0 iNYnBq"
    />
    <button
      class="Step__StepButton-sc-1gy89br-0 iNYnBq"
    />
    <button
      class="Step__StepButton-sc-1gy89br-0 iNYnBq"
    />
    <button
      class="Step__StepButton-sc-1gy89br-0 iNYnBq"
    />
  </div>
</div>
`;
