// Jest Snapshot v1, https://goo.gl/fbAQLP

exports[`<TracksContainer /> Should render and match the snapshot 1`] = `
<p>
  loading
</p>
`;
