// Jest Snapshot v1, https://goo.gl/fbAQLP

exports[`<TrackDetails /> Should render and match the snapshot 1`] = `
<div
  class="TrackDetails__Container-sc-1pg6vl2-0 ImYeq"
>
  <p
    class="TrackDetails__Upper-sc-1pg6vl2-1 cgsodF"
  >
    Track 1
  </p>
</div>
`;
