// Jest Snapshot v1, https://goo.gl/fbAQLP

exports[`<P /> Should render and match the snapshot 1`] = `
<p
  class="P-sc-1c3t6r-0 jiFTib"
/>
`;
