// Jest Snapshot v1, https://goo.gl/fbAQLP

exports[`<Block /> Should render and match the snapshot 1`] = `
<button
  class="Block-rqdz70-0 ebrLIB"
/>
`;
