// Jest Snapshot v1, https://goo.gl/fbAQLP

exports[`<PlayButton /> Should render and match the snapshot 1`] = `
<button
  class="PlayButton__Play-sc-1sbrdge-0 kGFvTg"
>
  Play
</button>
`;
