// Jest Snapshot v1, https://goo.gl/fbAQLP

exports[`<SaveButton /> Should render and match the snapshot 1`] = `
<button
  class="SaveButton__Save-sc-1uv51v8-0 kUkoVd"
>
  Save
</button>
`;
