// Jest Snapshot v1, https://goo.gl/fbAQLP

exports[`<Step /> Should render and match the snapshot 1`] = `
<button
  class="Step__StepButton-m11x8-0 epBtBi"
/>
`;
