// Jest Snapshot v1, https://goo.gl/fbAQLP

exports[`<Transport /> Should render and match the snapshot 1`] = `
<div
  class="Transport__Wrapper-sc-16zg5lv-0 qZwmM"
/>
`;
