// Jest Snapshot v1, https://goo.gl/fbAQLP

exports[`<Button /> Should render and match the snapshot 1`] = `
<div>
  <button
    class="StyledButton-t20ntd-0 iGQNdm"
  />
</div>
`;
