// Jest Snapshot v1, https://goo.gl/fbAQLP

exports[`<InputNumber /> Should render and match the snapshot 1`] = `
<input
  class="InputNumber-sc-1vm18vt-0 dLrMQV"
  type="number"
  width="5em"
/>
`;
