// Jest Snapshot v1, https://goo.gl/fbAQLP

exports[`<HomePage /> should render and match the snapshot 1`] = `
<h1
  class="H1-sc-3vkdoq-0 khSwXk"
>
  <span>
    Home
  </span>
</h1>
`;
